(111 112) (121 122) (131 132) |(211 212) (221 222) (231 232) |(311 312) (321 322) (331 332) |(411 412) (421 422) (431 432) |
modif 1
(111 111) (121 121) (131 131) |(211 211) (221 221) (231 231) |(311 311) (321 321) (331 331) |(411 411) (421 421) (431 431) |
modif 2
(999 111) (999 111) (999 111) |(211 211) (211 211) (211 211) |(311 311) (311 311) (311 311) |(411 411) (411 411) (411 411) |
modif 3
(999 111) (999 111) (999 111) |(999 111) (999 111) (999 111) |(999 111) (999 111) (999 111) |(999 111) (999 111) (999 111) |
