Valeur a chercher dans le tableau :
Trouve : T[5] = 10
